// Jest Snapshot v1, https://goo.gl/fbAQLP

exports[`HelloWorld renders props.msg when passed 1`] = `
<div>
  <h1>Hello world!</h1>
  <nodelogosvg-stub></nodelogosvg-stub>
</div>
`;
